version: (200506)

available memory: 64M bytes
used memory: 155648 bytes [need 152K bytes if disable swap]

used block: 5 [memory(5) file(0)]
                 [ 8K(3) 64K(2) { total 152K bytes } ]
overhead: (9538) bytes for (5) blocks [Average: (1907) bytes/block]

write  => 0(times) 0K(bytes) [0K bytes to file]
read   => 2(times) 12K(bytes) [2K bytes compressed data from file]
access => 1176395(times) 9196M(bytes)
          [hit ratio: 99.9998%]

time: write(0) read(0)  unit: second

swap file directory: (/home/st81/HW2/verdiLog)
used swap file number: (3)



swap file manager:
arrSize: (256)
idxCnt: (4)
closeHead: (1)
closeTail: (3)
openCnt: (3)
fid(3): fd(1073741825) fileName(/home/st81/HW2/simv.daidir/kdb.elab++/work.lib++/my_mem.sv.tdc)
	size(1013) lastModTime(1775902628) curModTime(1775902628)
	mode(rb)	hot(0) cool(2) pos(0)
fid(2): fd(26) fileName(/home/st81/HW2/verdiLog/_swap_0001#8323328#17836)
	size(0) lastModTime(0) curModTime(1775915298)
	mode(w+b)	hot(3) cool(1) pos(0)
fid(1): fd(1073741824) fileName(/home/st81/HW2/simv.daidir/kdb.elab++/work.lib++/tb.sv.tdc)
	size(3450) lastModTime(1775902628) curModTime(1775902628)
	mode(rb)	hot(2) cool(0) pos(0)
fid(0): fd(0) fileName(NULL)
	mode(NULL)	hot(0) cool(0) pos(0)
==================================================
mySelf(0x1b712e30) pre(0x1b704750) next((nil))
version(200506)
date(Nov 14 2022 02:32:13)
