Command Line: /usr/synopsys/verdi/T-2022.06-SP2/platform/LINUXAMD64/bin/Novas -f flist.f -ssf waves.fsdb
uname(Linux synopsys.stbzu.edu 3.10.0-1160.83.1.el7.x86_64 #1 SMP Mon Dec 19 10:44:06 UTC 2022 x86_64)
type= DS_SIGNAL element= 6 field= 2
VERILOG adder_tb
VERILOG WIDTH
-----
second field= signal
VERILOG adder_tb
VERILOG clk
-----
second field= signal
VERILOG adder_tb
VERILOG reset
-----
second field= signal
VERILOG adder_tb
VERILOG in1
-----
second field= signal
VERILOG adder_tb
VERILOG in2
-----
second field= signal
VERILOG adder_tb
VERILOG sum
-----
second field= signal
type= DS_STRING
WIDTH clk reset in1 in2 sum
au time 456.212739 9.877685 5.284153 delta 328437760 328437760 total 877105152 877105152
